// Jest Snapshot v1, https://goo.gl/fbAQLP

exports[`check for test cases 1`] = `
ReactShallowRenderer {
  "_context": Object {},
  "_didScheduleRenderPhaseUpdate": false,
  "_dispatcher": Object {
    "readContext": [Function],
    "useCallback": [Function],
    "useContext": [Function],
    "useDebugValue": [Function],
    "useDeferredValue": [Function],
    "useEffect": [Function],
    "useId": [Function],
    "useImperativeHandle": [Function],
    "useInsertionEffect": [Function],
    "useLayoutEffect": [Function],
    "useMemo": [Function],
    "useReducer": [Function],
    "useRef": [Function],
    "useResponder": [Function],
    "useState": [Function],
    "useSyncExternalStore": [Function],
    "useTransition": [Function],
  },
  "_element": <FinalFooter />,
  "_firstWorkInProgressHook": null,
  "_forcedUpdate": false,
  "_idCounter": 0,
  "_instance": null,
  "_isReRender": false,
  "_newState": null,
  "_numberOfReRenders": 0,
  "_renderPhaseUpdates": null,
  "_rendered": <div
    className="ui primary menu"
    style={
      Object {
        "backgroundColor": "black",
        "bottom": 0,
        "left": 0,
        "position": "fixed",
        "right": 0,
        "zIndex": 999,
      }
    }
  >
    <a
      className="item"
      href="https://my.cerner.com"
      style={
        Object {
          "alignItems": "center",
          "margin": "auto",
          "textAlign": "center",
          "width": "auto",
        }
      }
    >
      <i
        style={
          Object {
            "color": "white",
          }
        }
      >
         Â© Copyright 2022 Cerner Corporation. All rights reserved. 
      </i>
    </a>
  </div>,
  "_rendering": false,
  "_updater": Updater {
    "_callbacks": Array [],
    "_renderer": [Circular],
  },
  "_workInProgressHook": null,
}
`;
